INFO: Progress: 200/15560 files parsed
INFO: Progress: 400/15560 files parsed
INFO: Progress: 600/15560 files parsed
INFO: Progress: 800/15560 files parsed
INFO: Progress: 1000/15560 files parsed
INFO: Progress: 1200/15560 files parsed
INFO: Progress: 1400/15560 files parsed
INFO: Progress: 1600/15560 files parsed
INFO: Progress: 1800/15560 files parsed
INFO: Progress: 2000/15560 files parsed
INFO: Progress: 2200/15560 files parsed
INFO: Progress: 2400/15560 files parsed
INFO: Progress: 2600/15560 files parsed
INFO: Progress: 2800/15560 files parsed
INFO: Progress: 3000/15560 files parsed
INFO: Progress: 3200/15560 files parsed
INFO: Progress: 3400/15560 files parsed
INFO: Progress: 3600/15560 files parsed
INFO: Progress: 3800/15560 files parsed
INFO: Progress: 4000/15560 files parsed
INFO: Progress: 4200/15560 files parsed
INFO: Progress: 4400/15560 files parsed
INFO: Progress: 4600/15560 files parsed
INFO: Progress: 4800/15560 files parsed
INFO: Progress: 5000/15560 files parsed
INFO: Progress: 5200/15560 files parsed
INFO: Progress: 5400/15560 files parsed
INFO: Progress: 5600/15560 files parsed
INFO: Progress: 5800/15560 files parsed
INFO: Progress: 6000/15560 files parsed
INFO: Progress: 6200/15560 files parsed
INFO: Progress: 6400/15560 files parsed
INFO: Progress: 6600/15560 files parsed
INFO: Progress: 6800/15560 files parsed
INFO: Progress: 7000/15560 files parsed
INFO: Progress: 7200/15560 files parsed
INFO: Progress: 7400/15560 files parsed
INFO: Progress: 7600/15560 files parsed
INFO: Progress: 7800/15560 files parsed
INFO: Progress: 8000/15560 files parsed
INFO: Progress: 8200/15560 files parsed
INFO: Progress: 8400/15560 files parsed
INFO: Progress: 8600/15560 files parsed
INFO: Progress: 8800/15560 files parsed
INFO: Progress: 9000/15560 files parsed
INFO: Progress: 9200/15560 files parsed
INFO: Progress: 9400/15560 files parsed
INFO: Progress: 9600/15560 files parsed
INFO: Progress: 9800/15560 files parsed
INFO: Progress: 10000/15560 files parsed
INFO: Progress: 10200/15560 files parsed
INFO: Progress: 10400/15560 files parsed
INFO: Progress: 10600/15560 files parsed
INFO: Progress: 10800/15560 files parsed
INFO: Progress: 11000/15560 files parsed
INFO: Progress: 11200/15560 files parsed
INFO: Progress: 11400/15560 files parsed
INFO: Progress: 11600/15560 files parsed
INFO: Progress: 11800/15560 files parsed
INFO: Progress: 12000/15560 files parsed
INFO: Progress: 12200/15560 files parsed
INFO: Progress: 12400/15560 files parsed
INFO: Progress: 12600/15560 files parsed
INFO: Progress: 12800/15560 files parsed
INFO: Progress: 13000/15560 files parsed
INFO: Progress: 13200/15560 files parsed
INFO: Progress: 13400/15560 files parsed
INFO: Progress: 13600/15560 files parsed
INFO: Progress: 13800/15560 files parsed
INFO: Progress: 14000/15560 files parsed
INFO: Progress: 14200/15560 files parsed
INFO: Progress: 14400/15560 files parsed
INFO: Progress: 14600/15560 files parsed
INFO: Progress: 14800/15560 files parsed
INFO: Progress: 15000/15560 files parsed
INFO: Progress: 15200/15560 files parsed
INFO: Progress: 15400/15560 files parsed
INFO: Progress: 15560/15560 files parsed
INFO: FTS index rebuilt: 150636 rows indexed
INFO: Loaded 135076 unique nodes, 1463224 edges
INFO: igraph not available, using file-based community detection
Full build: 15560 files, 152951 nodes, 1474015 edges (postprocess=full)
