{
  "target": {
    "id": "Class:src/memory/manager.ts:MemoryIndexManager",
    "name": "MemoryIndexManager",
    "type": "Class",
    "filePath": "src/memory/manager.ts"
  },
  "direction": "upstream",
  "impactedCount": 4,
  "risk": "LOW",
  "summary": {
    "direct": 1,
    "processes_affected": 0,
    "modules_affected": 1
  },
  "affected_processes": [],
  "affected_modules": [
    {
      "name": "Memory",
      "hits": 4,
      "impact": "direct"
    }
  ],
  "byDepth": {
    "1": [
      {
        "depth": 1,
        "id": "Method:src/memory/manager.ts:MemoryIndexManager.get#1",
        "name": "get",
        "filePath": "src/memory/manager.ts",
        "relationType": "CALLS",
        "confidence": 0.95
      }
    ],
    "2": [
      {
        "depth": 2,
        "id": "Function:src/memory/search-manager.ts:getMemorySearchManager",
        "name": "getMemorySearchManager",
        "filePath": "src/memory/search-manager.ts",
        "relationType": "CALLS",
        "confidence": 0.5
      },
      {
        "depth": 2,
        "id": "Method:src/memory/manager.ts:MemoryIndexManager.search#2",
        "name": "search",
        "filePath": "src/memory/manager.ts",
        "relationType": "CALLS",
        "confidence": 0.95
      },
      {
        "depth": 2,
        "id": "Method:src/memory/manager.ts:MemoryIndexManager.status#0",
        "name": "status",
        "filePath": "src/memory/manager.ts",
        "relationType": "CALLS",
        "confidence": 0.95
      }
    ]
  }
}
