{
  "target": {
    "id": "Class:src/cron/service.ts:CronService",
    "name": "CronService",
    "type": "Class",
    "filePath": "src/cron/service.ts"
  },
  "direction": "upstream",
  "impactedCount": 6,
  "risk": "HIGH",
  "summary": {
    "direct": 4,
    "processes_affected": 1,
    "modules_affected": 3
  },
  "affected_processes": [
    {
      "name": "startGatewayServer",
      "type": "Function",
      "filePath": "src/gateway/server.impl.ts",
      "affected_process_count": 9,
      "total_hits": 9,
      "earliest_broken_step": 1
    }
  ],
  "affected_modules": [
    {
      "name": "Cron",
      "hits": 2,
      "impact": "direct"
    },
    {
      "name": "Agents",
      "hits": 2,
      "impact": "direct"
    },
    {
      "name": "Gateway",
      "hits": 2,
      "impact": "indirect"
    }
  ],
  "byDepth": {
    "1": [
      {
        "depth": 1,
        "id": "Function:src/gateway/server-cron.ts:buildGatewayCronService",
        "name": "buildGatewayCronService",
        "filePath": "src/gateway/server-cron.ts",
        "relationType": "CALLS",
        "confidence": 0.5
      },
      {
        "depth": 1,
        "id": "Function:src/cron/service.test-harness.ts:createStartedCronServiceWithFinishedBarrier",
        "name": "createStartedCronServiceWithFinishedBarrier",
        "filePath": "src/cron/service.test-harness.ts",
        "relationType": "CALLS",
        "confidence": 0.5
      },
      {
        "depth": 1,
        "id": "Function:src/cron/service.test-harness.ts:withCronServiceForTest",
        "name": "withCronServiceForTest",
        "filePath": "src/cron/service.test-harness.ts",
        "relationType": "CALLS",
        "confidence": 0.5
      },
      {
        "depth": 1,
        "id": "Function:src/cron/service.issue-regressions.test-helpers.ts:startCronForStore",
        "name": "startCronForStore",
        "filePath": "src/cron/service.issue-regressions.test-helpers.ts",
        "relationType": "CALLS",
        "confidence": 0.5
      }
    ],
    "2": [
      {
        "depth": 2,
        "id": "Function:src/gateway/server.impl.ts:startGatewayServer",
        "name": "startGatewayServer",
        "filePath": "src/gateway/server.impl.ts",
        "relationType": "CALLS",
        "confidence": 0.5
      },
      {
        "depth": 2,
        "id": "Function:src/gateway/server-reload-handlers.ts:applyHotReload",
        "name": "applyHotReload",
        "filePath": "src/gateway/server-reload-handlers.ts",
        "relationType": "CALLS",
        "confidence": 0.5
      }
    ]
  }
}
