{
  "status": "ambiguous",
  "message": "Found 2 symbols matching 'saveMediaSource'. Use target_uid, file_path, or kind to disambiguate.",
  "target": {
    "name": "saveMediaSource"
  },
  "direction": "upstream",
  "impactedCount": 0,
  "risk": "UNKNOWN",
  "candidates": [
    {
      "uid": "Function:src/media/store.ts:saveMediaSource",
      "name": "saveMediaSource",
      "kind": "Function",
      "filePath": "src/media/store.ts",
      "line": 344,
      "score": 0.56
    },
    {
      "uid": "Const:src/media/store.outside-workspace.test.ts:saveMediaSource",
      "name": "saveMediaSource",
      "kind": "",
      "filePath": "src/media/store.outside-workspace.test.ts",
      "line": 20,
      "score": 0.5
    }
  ]
}
