{
  "target": {
    "id": "Function:src/process/exec.ts:runExec",
    "name": "runExec",
    "type": "Function",
    "filePath": "src/process/exec.ts"
  },
  "direction": "upstream",
  "impactedCount": 32,
  "risk": "CRITICAL",
  "summary": {
    "direct": 16,
    "processes_affected": 0,
    "modules_affected": 8
  },
  "affected_processes": [],
  "affected_modules": [
    {
      "name": "Commands",
      "hits": 8,
      "impact": "direct"
    },
    {
      "name": "Media",
      "hits": 7,
      "impact": "direct"
    },
    {
      "name": "Media-understanding",
      "hits": 4,
      "impact": "direct"
    },
    {
      "name": "Infra",
      "hits": 2,
      "impact": "indirect"
    },
    {
      "name": "Pi-embedded-runner",
      "hits": 2,
      "impact": "direct"
    },
    {
      "name": "Browser",
      "hits": 2,
      "impact": "indirect"
    },
    {
      "name": "Wizard",
      "hits": 2,
      "impact": "direct"
    },
    {
      "name": "Gateway",
      "hits": 1,
      "impact": "direct"
    }
  ],
  "byDepth": {
    "1": [
      {
        "depth": 1,
        "id": "Function:src/media-understanding/runner.ts:probeGeminiCli",
        "name": "probeGeminiCli",
        "filePath": "src/media-understanding/runner.ts",
        "relationType": "CALLS",
        "confidence": 0.5
      },
      {
        "depth": 1,
        "id": "Function:src/media-understanding/runner.entries.ts:runCliEntry",
        "name": "runCliEntry",
        "filePath": "src/media-understanding/runner.entries.ts",
        "relationType": "CALLS",
        "confidence": 0.5
      },
      {
        "depth": 1,
        "id": "Function:src/media/image-ops.ts:sipsMetadataFromBuffer",
        "name": "sipsMetadataFromBuffer",
        "filePath": "src/media/image-ops.ts",
        "relationType": "CALLS",
        "confidence": 0.5
      },
      {
        "depth": 1,
        "id": "Function:src/media/image-ops.ts:sipsResizeToJpeg",
        "name": "sipsResizeToJpeg",
        "filePath": "src/media/image-ops.ts",
        "relationType": "CALLS",
        "confidence": 0.5
      },
      {
        "depth": 1,
        "id": "Function:src/media/image-ops.ts:sipsConvertToJpeg",
        "name": "sipsConvertToJpeg",
        "filePath": "src/media/image-ops.ts",
        "relationType": "CALLS",
        "confidence": 0.5
      },
      {
        "depth": 1,
        "id": "Function:src/media/image-ops.ts:sipsApplyOrientation",
        "name": "sipsApplyOrientation",
        "filePath": "src/media/image-ops.ts",
        "relationType": "CALLS",
        "confidence": 0.5
      },
      {
        "depth": 1,
        "id": "Function:src/link-understanding/runner.ts:runCliEntry",
        "name": "runCliEntry",
        "filePath": "src/link-understanding/runner.ts",
        "relationType": "CALLS",
        "confidence": 0.5
      },
      {
        "depth": 1,
        "id": "Function:src/infra/tailscale.ts:findTailscaleBinary",
        "name": "findTailscaleBinary",
        "filePath": "src/infra/tailscale.ts",
        "relationType": "CALLS",
        "confidence": 0.5
      },
      {
        "depth": 1,
        "id": "Function:src/infra/tailscale.ts:checkBinary",
        "name": "checkBinary",
        "filePath": "src/infra/tailscale.ts",
        "relationType": "CALLS",
        "confidence": 0.5
      },
      {
        "depth": 1,
        "id": "Function:src/gateway/server-discovery.ts:resolveTailnetDnsHint",
        "name": "resolveTailnetDnsHint",
        "filePath": "src/gateway/server-discovery.ts",
        "relationType": "CALLS",
        "confidence": 0.5
      },
      {
        "depth": 1,
        "id": "Function:src/daemon/systemd-linger.ts:readSystemdUserLingerStatus",
        "name": "readSystemdUserLingerStatus",
        "filePath": "src/daemon/systemd-linger.ts",
        "relationType": "CALLS",
        "confidence": 0.5
      },
      {
        "depth": 1,
        "id": "Function:src/commands/status.scan.ts:scanStatus",
        "name": "scanStatus",
        "filePath": "src/commands/status.scan.ts",
        "relationType": "CALLS",
        "confidence": 0.5
      },
      {
        "depth": 1,
        "name": "scanStatusJsonCore",
        "relationType": "CALLS",
        "confidence": 0.5
      },
      {
        "depth": 1,
        "id": "Function:src/commands/doctor-sandbox.ts:isDockerAvailable",
        "name": "isDockerAvailable",
        "filePath": "src/commands/doctor-sandbox.ts",
        "relationType": "CALLS",
        "confidence": 0.5
      },
      {
        "depth": 1,
        "id": "Function:src/commands/doctor-sandbox.ts:dockerImageExists",
        "name": "dockerImageExists",
        "filePath": "src/commands/doctor-sandbox.ts",
        "relationType": "CALLS",
        "confidence": 0.5
      },
      {
        "depth": 1,
        "id": "Function:src/browser/trash.ts:movePathToTrash",
        "name": "movePathToTrash",
        "filePath": "src/browser/trash.ts",
        "relationType": "CALLS",
        "confidence": 0.5
      }
    ],
    "2": [
      {
        "depth": 2,
        "id": "Function:src/media-understanding/runner.ts:resolveGeminiCliEntry",
        "name": "resolveGeminiCliEntry",
        "filePath": "src/media-understanding/runner.ts",
        "relationType": "CALLS",
        "confidence": 0.95
      },
      {
        "depth": 2,
        "id": "Function:src/media/image-ops.ts:getImageMetadata",
        "name": "getImageMetadata",
        "filePath": "src/media/image-ops.ts",
        "relationType": "CALLS",
        "confidence": 0.95
      },
      {
        "depth": 2,
        "id": "Function:src/media/image-ops.ts:normalizeExifOrientation",
        "name": "normalizeExifOrientation",
        "filePath": "src/media/image-ops.ts",
        "relationType": "CALLS",
        "confidence": 0.95
      },
      {
        "depth": 2,
        "id": "Function:src/media/image-ops.ts:convertHeicToJpeg",
        "name": "convertHeicToJpeg",
        "filePath": "src/media/image-ops.ts",
        "relationType": "CALLS",
        "confidence": 0.95
      },
      {
        "depth": 2,
        "id": "Function:src/media/image-ops.ts:normalizeExifOrientationSips",
        "name": "normalizeExifOrientationSips",
        "filePath": "src/media/image-ops.ts",
        "relationType": "CALLS",
        "confidence": 0.95
      },
      {
        "depth": 2,
        "id": "Function:src/gateway/server-discovery-runtime.ts:startGatewayDiscovery",
        "name": "startGatewayDiscovery",
        "filePath": "src/gateway/server-discovery-runtime.ts",
        "relationType": "CALLS",
        "confidence": 0.5
      },
      {
        "depth": 2,
        "id": "Function:src/wizard/setup.gateway-config.ts:configureGatewayForSetup",
        "name": "configureGatewayForSetup",
        "filePath": "src/wizard/setup.gateway-config.ts",
        "relationType": "CALLS",
        "confidence": 0.5
      },
      {
        "depth": 2,
        "id": "Function:src/commands/systemd-linger.ts:ensureSystemdUserLingerInteractive",
        "name": "ensureSystemdUserLingerInteractive",
        "filePath": "src/commands/systemd-linger.ts",
        "relationType": "CALLS",
        "confidence": 0.5
      },
      {
        "depth": 2,
        "id": "Function:src/commands/systemd-linger.ts:ensureSystemdUserLingerNonInteractive",
        "name": "ensureSystemdUserLingerNonInteractive",
        "filePath": "src/commands/systemd-linger.ts",
        "relationType": "CALLS",
        "confidence": 0.5
      },
      {
        "depth": 2,
        "id": "Function:src/commands/status.scan.ts:scanStatusJsonFast",
        "name": "scanStatusJsonFast",
        "filePath": "src/commands/status.scan.ts",
        "relationType": "CALLS",
        "confidence": 0.5
      },
      {
        "depth": 2,
        "id": "Function:src/commands/status.scan.fast-json.ts:scanStatusJsonFast",
        "name": "scanStatusJsonFast",
        "filePath": "src/commands/status.scan.fast-json.ts",
        "relationType": "CALLS",
        "confidence": 0.5
      },
      {
        "depth": 2,
        "id": "Function:src/commands/status.command.ts:statusCommand",
        "name": "statusCommand",
        "filePath": "src/commands/status.command.ts",
        "relationType": "CALLS",
        "confidence": 0.5
      },
      {
        "depth": 2,
        "id": "Function:src/gateway/server-methods/agents.ts:moveToTrashBestEffort",
        "name": "moveToTrashBestEffort",
        "filePath": "src/gateway/server-methods/agents.ts",
        "relationType": "CALLS",
        "confidence": 0.5
      },
      {
        "depth": 2,
        "id": "Function:src/commands/configure.gateway.ts:promptGatewayConfig",
        "name": "promptGatewayConfig",
        "filePath": "src/commands/configure.gateway.ts",
        "relationType": "CALLS",
        "confidence": 0.5
      },
      {
        "depth": 2,
        "id": "Function:src/browser/server-context.reset.ts:resetProfile",
        "name": "resetProfile",
        "filePath": "src/browser/server-context.reset.ts",
        "relationType": "CALLS",
        "confidence": 0.5
      },
      {
        "depth": 2,
        "id": "Function:src/browser/profiles-service.ts:deleteProfile",
        "name": "deleteProfile",
        "filePath": "src/browser/profiles-service.ts",
        "relationType": "CALLS",
        "confidence": 0.5
      }
    ]
  }
}
