== media-without-telegram-network ==
src/media/audio.test.ts
src/media/base64.test.ts
src/media/fetch.test.ts
src/media/ffmpeg-exec.test.ts
src/media/file-context.test.ts
src/media/host.test.ts
src/media/image-ops.helpers.test.ts
src/media/inbound-path-policy.test.ts
src/media/input-files.fetch-guard.test.ts
src/media/load-options.test.ts
src/media/local-roots.test.ts
src/media/mime.test.ts
src/media/parse.test.ts
src/media/read-response-with-limit.test.ts
src/media/server.outside-workspace.test.ts
src/media/server.test.ts
src/media/store.outside-workspace.test.ts
src/media/store.redirect.test.ts
src/media/store.test.ts
src/media/web-media.test.ts

> openclaw@2026.3.24 test /home/yanx/projects/openclaw/openclaw-v2026.3.24

[test-parallel] start unit workers=2 filters=20
[test-parallel] failure artifacts unit log=/tmp/openclaw-test-parallel-FHpNr5/unit-1778267381648.log meta=/tmp/openclaw-test-parallel-FHpNr5/unit-1778267381648-failure.json
[test-parallel] done unit code=1 elapsed=11.5s
 ELIFECYCLE  Test failed. See above for more details.
--- exit=1 duration=13s ---
