== shared-support-all ==
src/bootstrap/node-extra-ca-certs.test.ts
src/bootstrap/node-startup-env.test.ts
src/daemon/cmd-argv.test.ts
src/daemon/constants.test.ts
src/daemon/inspect.test.ts
src/daemon/launchd-restart-handoff.test.ts
src/daemon/launchd.integration.e2e.test.ts
src/daemon/launchd.test.ts
src/daemon/program-args.test.ts
src/daemon/runtime-binary.test.ts
src/daemon/runtime-hints.test.ts
src/daemon/runtime-hints.windows-paths.test.ts
src/daemon/runtime-paths.test.ts
src/daemon/schtasks-exec.test.ts
src/daemon/schtasks.install.test.ts
src/daemon/schtasks.startup-fallback.test.ts
src/daemon/schtasks.stop.test.ts
src/daemon/schtasks.test.ts
src/daemon/service-audit.test.ts
src/daemon/service-env.test.ts
src/daemon/service.test.ts
src/daemon/systemd-hints.test.ts
src/daemon/systemd-unavailable.test.ts
src/daemon/systemd-unit.test.ts
src/daemon/systemd.test.ts
src/docs/slash-commands-doc.test.ts
src/hooks/bundled/boot-md/handler.gateway-startup.integration.test.ts
src/hooks/bundled/boot-md/handler.test.ts
src/hooks/bundled/bootstrap-extra-files/handler.test.ts
src/hooks/bundled/session-memory/handler.test.ts
src/hooks/fire-and-forget.test.ts
src/hooks/frontmatter.test.ts
src/hooks/gmail-setup-utils.test.ts
src/hooks/gmail-watcher-lifecycle.test.ts
src/hooks/gmail.test.ts
src/hooks/hooks-install.test.ts
src/hooks/import-url.test.ts
src/hooks/install.test.ts
src/hooks/internal-hooks.test.ts
src/hooks/loader.test.ts
src/hooks/message-hook-mappers.test.ts
src/hooks/message-hooks.test.ts
src/hooks/module-loader.test.ts
src/hooks/plugin-hooks.test.ts
src/hooks/policy.test.ts
src/hooks/workspace.test.ts
src/i18n/registry.test.ts
src/logging/console-capture.test.ts
src/logging/console-settings.test.ts
src/logging/console-timestamp.test.ts
src/logging/diagnostic.test.ts
src/logging/log-file-size-cap.test.ts
src/logging/logger-env.test.ts
src/logging/logger-settings.test.ts
src/logging/logger-timestamp.test.ts
src/logging/logger.browser-import.test.ts
src/logging/logger.settings.test.ts
src/logging/parse-log-line.test.ts
src/logging/redact.test.ts
src/logging/subsystem.test.ts
src/logging/timestamps.test.ts
src/markdown/frontmatter.test.ts
src/markdown/ir.blockquote-spacing.test.ts
src/markdown/ir.hr-spacing.test.ts
src/markdown/ir.nested-lists.test.ts
src/markdown/ir.table-bullets.test.ts
src/markdown/ir.table-code.test.ts
src/node-host/exec-policy.test.ts
src/node-host/invoke-browser.test.ts
src/node-host/invoke-system-run-plan.test.ts
src/node-host/invoke-system-run.test.ts
src/node-host/invoke.sanitize-env.test.ts
src/node-host/runner.credentials.test.ts
src/process/command-queue.test.ts
src/process/exec.no-output-timer.test.ts
src/process/exec.test.ts
src/process/exec.windows.test.ts
src/process/kill-tree.test.ts
src/process/spawn-utils.test.ts
src/process/supervisor/adapters/child.test.ts
src/process/supervisor/adapters/pty.test.ts
src/process/supervisor/registry.test.ts
src/process/supervisor/supervisor.pty-command.test.ts
src/process/supervisor/supervisor.test.ts
src/process/windows-command.test.ts
src/scripts/canvas-a2ui-copy.test.ts
src/scripts/ci-changed-scope.test.ts
src/scripts/docs-link-audit.test.ts
src/shared/assistant-identity-values.test.ts
src/shared/avatar-policy.test.ts
src/shared/chat-content.test.ts
src/shared/chat-envelope.test.ts
src/shared/chat-message-content.test.ts
src/shared/config-eval.test.ts
src/shared/device-auth-store.test.ts
src/shared/device-auth.test.ts
src/shared/entry-metadata.test.ts
src/shared/entry-status.test.ts
src/shared/frontmatter.test.ts
src/shared/gateway-bind-url.test.ts
src/shared/global-singleton.test.ts
src/shared/model-param-b.test.ts
src/shared/net/ip.test.ts
src/shared/net/ipv4.test.ts
src/shared/node-list-parse.test.ts
src/shared/node-match.test.ts
src/shared/node-resolve.test.ts
src/shared/operator-scope-compat.test.ts
src/shared/pid-alive.test.ts
src/shared/process-scoped-map.test.ts
src/shared/requirements.test.ts
src/shared/string-normalization.test.ts
src/shared/string-sample.test.ts
src/shared/subagents-format.test.ts
src/shared/tailscale-status.test.ts
src/shared/text-chunking.test.ts
src/shared/text/assistant-visible-text.test.ts
src/shared/text/code-regions.test.ts
src/shared/text/join-segments.test.ts
src/shared/text/reasoning-tags.test.ts
src/shared/usage-aggregates.test.ts
src/test-helpers/state-dir-env.test.ts
src/test-utils/channel-plugins.test.ts
src/test-utils/env.test.ts
src/test-utils/temp-home.test.ts
src/utils/delivery-context.test.ts
src/utils/directive-tags.test.ts
src/utils/mask-api-key.test.ts
src/utils/message-channel.test.ts
src/utils/normalize-secret-input.test.ts
src/utils/queue-helpers.test.ts
src/utils/reaction-level.test.ts
src/utils/run-with-concurrency.test.ts
src/utils/transcript-tools.test.ts
src/utils/usage-format.test.ts
src/utils/utils-misc.test.ts

> openclaw@2026.3.24 test /home/yanx/projects/openclaw/openclaw-v2026.3.24

[test-parallel] start unit workers=2 filters=136
[test-parallel] start e2e workers=2 filters=1
[test-parallel] done e2e code=0 elapsed=10.1s
[test-parallel] failure artifacts unit log=/tmp/openclaw-test-parallel-vOwr5A/unit-1778267057894.log meta=/tmp/openclaw-test-parallel-vOwr5A/unit-1778267057894-failure.json
[test-parallel] done unit code=1 elapsed=51.7s
 ELIFECYCLE  Test failed. See above for more details.
--- exit=1 duration=53s ---
