== startup-process-all ==
src/bootstrap/node-extra-ca-certs.test.ts
src/bootstrap/node-startup-env.test.ts
src/daemon/cmd-argv.test.ts
src/daemon/constants.test.ts
src/daemon/inspect.test.ts
src/daemon/launchd-restart-handoff.test.ts
src/daemon/launchd.integration.e2e.test.ts
src/daemon/launchd.test.ts
src/daemon/program-args.test.ts
src/daemon/runtime-binary.test.ts
src/daemon/runtime-hints.test.ts
src/daemon/runtime-hints.windows-paths.test.ts
src/daemon/runtime-paths.test.ts
src/daemon/schtasks-exec.test.ts
src/daemon/schtasks.install.test.ts
src/daemon/schtasks.startup-fallback.test.ts
src/daemon/schtasks.stop.test.ts
src/daemon/schtasks.test.ts
src/daemon/service-audit.test.ts
src/daemon/service-env.test.ts
src/daemon/service.test.ts
src/daemon/systemd-hints.test.ts
src/daemon/systemd-unavailable.test.ts
src/daemon/systemd-unit.test.ts
src/daemon/systemd.test.ts
src/node-host/exec-policy.test.ts
src/node-host/invoke-browser.test.ts
src/node-host/invoke-system-run-plan.test.ts
src/node-host/invoke-system-run.test.ts
src/node-host/invoke.sanitize-env.test.ts
src/node-host/runner.credentials.test.ts
src/process/command-queue.test.ts
src/process/exec.no-output-timer.test.ts
src/process/exec.test.ts
src/process/exec.windows.test.ts
src/process/kill-tree.test.ts
src/process/spawn-utils.test.ts
src/process/supervisor/adapters/child.test.ts
src/process/supervisor/adapters/pty.test.ts
src/process/supervisor/registry.test.ts
src/process/supervisor/supervisor.pty-command.test.ts
src/process/supervisor/supervisor.test.ts
src/process/windows-command.test.ts

> openclaw@2026.3.24 test /home/yanx/projects/openclaw/openclaw-v2026.3.24

[test-parallel] start unit workers=2 filters=42
[test-parallel] start e2e workers=2 filters=1
[test-parallel] done e2e code=0 elapsed=8.3s
[test-parallel] failure artifacts unit log=/tmp/openclaw-test-parallel-7PQF9w/unit-1778267124378.log meta=/tmp/openclaw-test-parallel-7PQF9w/unit-1778267124378-failure.json
[test-parallel] done unit code=1 elapsed=21.8s
 ELIFECYCLE  Test failed. See above for more details.
--- exit=1 duration=23s ---
