# src-cli-status

Command: pnpm test -- src/commands/channels.status.command-flow.test.ts src/cli/gateway-cli.coverage.test.ts src/cli/daemon-cli/status.test.ts src/commands/status-all/report-lines.test.ts
Started: 2026-05-08T02:43:38.342Z
Ended: 2026-05-08T02:44:04.488Z
Exit code: 0

## stdout

> openclaw@2026.3.24 test /home/yanx/projects/openclaw/openclaw-v2026.3.24

[test-parallel] start base workers=2 filters=2
[test-parallel] start unit workers=2 filters=2

 RUN  v4.1.0 /home/yanx/projects/openclaw/openclaw-v2026.3.24


 RUN  v4.1.0 /home/yanx/projects/openclaw/openclaw-v2026.3.24


 Test Files  2 passed (2)
      Tests  3 passed (3)
   Start at  10:43:43
   Duration  20.70s (transform 10.45s, setup 39.92s, import 396ms, tests 61ms, environment 12ms)

[test-parallel] done base code=0 elapsed=23.0s

 Test Files  2 passed (2)
      Tests  10 passed (10)
   Start at  10:43:42
   Duration  21.54s (transform 11.00s, setup 38.86s, import 1.83s, tests 59ms, environment 0ms)

[test-parallel] done unit code=0 elapsed=23.5s


## stderr

