{
  "target": {
    "id": "Function:src/secrets/resolve-secret-input-string.ts:resolveSecretInputString",
    "name": "resolveSecretInputString",
    "type": "Function",
    "filePath": "src/secrets/resolve-secret-input-string.ts"
  },
  "direction": "upstream",
  "impactedCount": 1,
  "risk": "LOW",
  "summary": {
    "direct": 1,
    "processes_affected": 0,
    "modules_affected": 1
  },
  "affected_processes": [],
  "affected_modules": [
    {
      "name": "Gateway",
      "hits": 1,
      "impact": "direct"
    }
  ],
  "byDepth": {
    "1": [
      {
        "depth": 1,
        "id": "Function:src/gateway/call.ts:resolveGatewaySecretInputString",
        "name": "resolveGatewaySecretInputString",
        "filePath": "src/gateway/call.ts",
        "relationType": "CALLS",
        "confidence": 0.5
      }
    ]
  }
}
