=== plugin-sdk-api-check ===
pnpm plugin-sdk:api:check
start=2026-05-08T20:50:52Z

> openclaw@2026.3.24 plugin-sdk:api:check /home/yanx/projects/openclaw/openclaw-v2026.3.24
> node --import tsx scripts/generate-plugin-sdk-api-baseline.ts --check


<--- Last few GCs --->

[42:0x4093f000]    19376 ms: Mark-Compact (reduce) 2045.3 (2089.4) -> 2043.4 (2083.1) MB, pooled: 0 MB, 542.80 / 0.00 ms  (+ 1.6 ms in 0 steps since start of marking, biggest step 0.0 ms, walltime since start of marking 559 ms) (average mu = 0.237, curren[42:0x4093f000]    19971 ms: Mark-Compact 2044.7 (2083.1) -> 2043.7 (2086.6) MB, pooled: 0 MB, 590.71 / 0.00 ms  (average mu = 0.133, current mu = 0.008) allocation failure; scavenge might not succeed


<--- JS stacktrace --->

FATAL ERROR: Reached heap limit Allocation failed - JavaScript heap out of memory
----- Native stack trace -----

 1: 0xe42d60 node::OOMErrorHandler(char const*, v8::OOMDetails const&) [node]
 2: 0x121ded0 v8::Utils::ReportOOMFailure(v8::internal::Isolate*, char const*, v8::OOMDetails const&) [node]
 3: 0x121e1a7 v8::internal::V8::FatalProcessOutOfMemory(v8::internal::Isolate*, char const*, v8::OOMDetails const&) [node]
 4: 0x144d015  [node]
 5: 0x14668a9 v8::internal::Heap::CollectGarbage(v8::internal::AllocationSpace, v8::internal::GarbageCollectionReason, v8::GCCallbackFlags) [node]
 6: 0x143afa8 v8::internal::HeapAllocator::AllocateRawWithLightRetrySlowPath(int, v8::internal::AllocationType, v8::internal::AllocationOrigin, v8::internal::AllocationAlignment) [node]
 7: 0x143bed5 v8::internal::HeapAllocator::AllocateRawWithRetryOrFailSlowPath(int, v8::internal::AllocationType, v8::internal::AllocationOrigin, v8::internal::AllocationAlignment) [node]
 8: 0x1414ade v8::internal::Factory::NewFillerObject(int, v8::internal::AllocationAlignment, v8::internal::AllocationType, v8::internal::AllocationOrigin) [node]
 9: 0x18772bc v8::internal::Runtime_AllocateInYoungGeneration(int, unsigned long*, v8::internal::Isolate*) [node]
10: 0x7de683eacaf6 
Aborted (core dumped)
 ELIFECYCLE  Command failed with exit code 134.
exit=134
end=2026-05-08T20:51:33Z
